// Jest Snapshot v1, https://goo.gl/fbAQLP

exports[`BodyContainer component renders without crashing (gameStarted) 1`] = `
<div
  class="sc-bdVaJa koRVId"
>
  <div
    style="display: flex; flex-direction: column;"
  >
    HISTORY
    MENU
  </div>
  BOARD
</div>
`;

exports[`BodyContainer component renders without crashing 1`] = `GAMEMODE`;
