// Jest Snapshot v1, https://goo.gl/fbAQLP

exports[`GridCell component renders without crashing 1`] = `
<div
  class="sc-bwzfXH kbZGzz"
  type="MOVING_SYMBOL_O"
>
  <div
    class="sc-htpNat emEaka"
  >
    <svg
      height="100%"
      viewBox="0 0 100 100"
      width="100%"
    >
      <ellipse
        cx="50"
        cy="50"
        fill="transparent"
        rx="46"
        ry="46"
        stroke="yellow"
        stroke-width="8"
      />
    </svg>
  </div>
</div>
`;
